Release 14.7 - xst P.20131013 (nt64)
Copyright (c) 1995-2013 Xilinx, Inc.  All rights reserved.
--> Parameter TMPDIR set to xst/projnav.tmp


Total REAL time to Xst completion: 0.00 secs
Total CPU time to Xst completion: 0.27 secs
 
--> Parameter xsthdpdir set to xst


Total REAL time to Xst completion: 0.00 secs
Total CPU time to Xst completion: 0.28 secs
 
--> Reading design: RegisterBank.prj

TABLE OF CONTENTS
  1) Synthesis Options Summary
  2) HDL Compilation
  3) Design Hierarchy Analysis
  4) HDL Analysis
  5) HDL Synthesis
     5.1) HDL Synthesis Report
  6) Advanced HDL Synthesis
     6.1) Advanced HDL Synthesis Report
  7) Low Level Synthesis
  8) Partition Report
  9) Final Report
	9.1) Device utilization summary
	9.2) Partition Resource Summary
	9.3) TIMING REPORT


=========================================================================
*                      Synthesis Options Summary                        *
=========================================================================
---- Source Parameters
Input File Name                    : "RegisterBank.prj"
Input Format                       : mixed
Ignore Synthesis Constraint File   : NO

---- Target Parameters
Output File Name                   : "RegisterBank"
Output Format                      : NGC
Target Device                      : xc3s50-5-pq208

---- Source Options
Top Module Name                    : RegisterBank
Automatic FSM Extraction           : YES
FSM Encoding Algorithm             : Auto
Safe Implementation                : No
FSM Style                          : LUT
RAM Extraction                     : Yes
RAM Style                          : Auto
ROM Extraction                     : Yes
Mux Style                          : Auto
Decoder Extraction                 : YES
Priority Encoder Extraction        : Yes
Shift Register Extraction          : YES
Logical Shifter Extraction         : YES
XOR Collapsing                     : YES
ROM Style                          : Auto
Mux Extraction                     : Yes
Resource Sharing                   : YES
Asynchronous To Synchronous        : NO
Multiplier Style                   : Auto
Automatic Register Balancing       : No

---- Target Options
Add IO Buffers                     : YES
Global Maximum Fanout              : 100000
Add Generic Clock Buffer(BUFG)     : 8
Register Duplication               : YES
Slice Packing                      : YES
Optimize Instantiated Primitives   : NO
Use Clock Enable                   : Yes
Use Synchronous Set                : Yes
Use Synchronous Reset              : Yes
Pack IO Registers into IOBs        : Auto
Equivalent register Removal        : YES

---- General Options
Optimization Goal                  : Speed
Optimization Effort                : 1
Keep Hierarchy                     : No
Netlist Hierarchy                  : As_Optimized
RTL Output                         : Yes
Global Optimization                : AllClockNets
Read Cores                         : YES
Write Timing Constraints           : NO
Cross Clock Analysis               : NO
Hierarchy Separator                : /
Bus Delimiter                      : <>
Case Specifier                     : Maintain
Slice Utilization Ratio            : 100
BRAM Utilization Ratio             : 100
Verilog 2001                       : YES
Auto BRAM Packing                  : NO
Slice Utilization Ratio Delta      : 5

---- Other Options
Cores Search Directories           : {"ipcore_dir"  }

=========================================================================


=========================================================================
*                          HDL Compilation                              *
=========================================================================
Compiling verilog file "RegisterBank.v" in library work
Module <RegisterBank> compiled
No errors in compilation
Analysis of file <"RegisterBank.prj"> succeeded.
 

=========================================================================
*                     Design Hierarchy Analysis                         *
=========================================================================
Analyzing hierarchy for module <RegisterBank> in library <work>.


=========================================================================
*                            HDL Analysis                               *
=========================================================================
Analyzing top module <RegisterBank>.
Module <RegisterBank> is correct for synthesis.
 

=========================================================================
*                           HDL Synthesis                               *
=========================================================================

Performing bidirectional port resolution...

Synthesizing Unit <RegisterBank>.
    Related source file is "RegisterBank.v".
WARNING:Xst:653 - Signal <reg9> is used but never assigned. This sourceless signal will be automatically connected to value 00000000000000000000000000000000.
WARNING:Xst:653 - Signal <reg8> is used but never assigned. This sourceless signal will be automatically connected to value 00000000000000000000000000000000.
WARNING:Xst:653 - Signal <reg7> is used but never assigned. This sourceless signal will be automatically connected to value 00000000000000000000000000000000.
WARNING:Xst:653 - Signal <reg6> is used but never assigned. This sourceless signal will be automatically connected to value 00000000000000000000000000000000.
WARNING:Xst:653 - Signal <reg5> is used but never assigned. This sourceless signal will be automatically connected to value 00000000000000000000000000000000.
WARNING:Xst:653 - Signal <reg4> is used but never assigned. This sourceless signal will be automatically connected to value 00000000000000000000000000000000.
WARNING:Xst:653 - Signal <reg31> is used but never assigned. This sourceless signal will be automatically connected to value 00000000000000000000000000000000.
WARNING:Xst:653 - Signal <reg30> is used but never assigned. This sourceless signal will be automatically connected to value 00000000000000000000000000000000.
WARNING:Xst:653 - Signal <reg3> is used but never assigned. This sourceless signal will be automatically connected to value 00000000000000000000000000000000.
WARNING:Xst:653 - Signal <reg29> is used but never assigned. This sourceless signal will be automatically connected to value 00000000000000000000000000000000.
WARNING:Xst:653 - Signal <reg28> is used but never assigned. This sourceless signal will be automatically connected to value 00000000000000000000000000000000.
WARNING:Xst:653 - Signal <reg27> is used but never assigned. This sourceless signal will be automatically connected to value 00000000000000000000000000000000.
WARNING:Xst:653 - Signal <reg26> is used but never assigned. This sourceless signal will be automatically connected to value 00000000000000000000000000000000.
WARNING:Xst:653 - Signal <reg25> is used but never assigned. This sourceless signal will be automatically connected to value 00000000000000000000000000000000.
WARNING:Xst:653 - Signal <reg24> is used but never assigned. This sourceless signal will be automatically connected to value 00000000000000000000000000000000.
WARNING:Xst:653 - Signal <reg23> is used but never assigned. This sourceless signal will be automatically connected to value 00000000000000000000000000000000.
WARNING:Xst:653 - Signal <reg22> is used but never assigned. This sourceless signal will be automatically connected to value 00000000000000000000000000000000.
WARNING:Xst:653 - Signal <reg21> is used but never assigned. This sourceless signal will be automatically connected to value 00000000000000000000000000000000.
WARNING:Xst:653 - Signal <reg20> is used but never assigned. This sourceless signal will be automatically connected to value 00000000000000000000000000000000.
WARNING:Xst:653 - Signal <reg2> is used but never assigned. This sourceless signal will be automatically connected to value 00000000000000000000000000000000.
WARNING:Xst:653 - Signal <reg19> is used but never assigned. This sourceless signal will be automatically connected to value 00000000000000000000000000000000.
WARNING:Xst:653 - Signal <reg18> is used but never assigned. This sourceless signal will be automatically connected to value 00000000000000000000000000000000.
WARNING:Xst:653 - Signal <reg17> is used but never assigned. This sourceless signal will be automatically connected to value 00000000000000000000000000000000.
WARNING:Xst:653 - Signal <reg16> is used but never assigned. This sourceless signal will be automatically connected to value 00000000000000000000000000000000.
WARNING:Xst:653 - Signal <reg15> is used but never assigned. This sourceless signal will be automatically connected to value 00000000000000000000000000000000.
WARNING:Xst:653 - Signal <reg14> is used but never assigned. This sourceless signal will be automatically connected to value 00000000000000000000000000000000.
WARNING:Xst:653 - Signal <reg13> is used but never assigned. This sourceless signal will be automatically connected to value 00000000000000000000000000000000.
WARNING:Xst:653 - Signal <reg12> is used but never assigned. This sourceless signal will be automatically connected to value 00000000000000000000000000000000.
WARNING:Xst:653 - Signal <reg11> is used but never assigned. This sourceless signal will be automatically connected to value 00000000000000000000000000000000.
WARNING:Xst:653 - Signal <reg10> is used but never assigned. This sourceless signal will be automatically connected to value 00000000000000000000000000000000.
WARNING:Xst:653 - Signal <reg1> is used but never assigned. This sourceless signal will be automatically connected to value 00000000000000000000000000000000.
    Found 32-bit register for signal <reg0>.
    Summary:
	inferred  32 D-type flip-flop(s).
Unit <RegisterBank> synthesized.


=========================================================================
HDL Synthesis Report

Macro Statistics
# Registers                                            : 1
 32-bit register                                       : 1

=========================================================================

=========================================================================
*                       Advanced HDL Synthesis                          *
=========================================================================


=========================================================================
Advanced HDL Synthesis Report

Macro Statistics
# Registers                                            : 32
 Flip-Flops                                            : 32

=========================================================================

=========================================================================
*                         Low Level Synthesis                           *
=========================================================================

Optimizing unit <RegisterBank> ...

Mapping all equations...
Building and optimizing final netlist ...
Found area constraint ratio of 100 (+ 5) on block RegisterBank, actual ratio is 5.

Final Macro Processing ...

=========================================================================
Final Register Report

Macro Statistics
# Registers                                            : 32
 Flip-Flops                                            : 32

=========================================================================

=========================================================================
*                           Partition Report                            *
=========================================================================

Partition Implementation Status
-------------------------------

  No Partitions were found in this design.

-------------------------------

=========================================================================
*                            Final Report                               *
=========================================================================
Final Results
RTL Top Level Output File Name     : RegisterBank.ngr
Top Level Output File Name         : RegisterBank
Output Format                      : NGC
Optimization Goal                  : Speed
Keep Hierarchy                     : No

Design Statistics
# IOs                              : 116

Cell Usage :
# BELS                             : 70
#      LUT2                        : 64
#      LUT3                        : 2
#      LUT4                        : 4
# FlipFlops/Latches                : 32
#      FDE                         : 32
# Clock Buffers                    : 1
#      BUFGP                       : 1
# IO Buffers                       : 115
#      IBUF                        : 51
#      OBUF                        : 64
=========================================================================

Device utilization summary:
---------------------------

Selected Device : 3s50pq208-5 

 Number of Slices:                       40  out of    768     5%  
 Number of 4 input LUTs:                 70  out of   1536     4%  
 Number of IOs:                         116
 Number of bonded IOBs:                 116  out of    124    93%  
    IOB Flip Flops:                      32
 Number of GCLKs:                         1  out of      8    12%  

---------------------------
Partition Resource Summary:
---------------------------

  No Partitions were found in this design.

---------------------------


=========================================================================
TIMING REPORT

NOTE: THESE TIMING NUMBERS ARE ONLY A SYNTHESIS ESTIMATE.
      FOR ACCURATE TIMING INFORMATION PLEASE REFER TO THE TRACE REPORT
      GENERATED AFTER PLACE-and-ROUTE.

Clock Information:
------------------
-----------------------------------+------------------------+-------+
Clock Signal                       | Clock buffer(FF name)  | Load  |
-----------------------------------+------------------------+-------+
clk                                | BUFGP                  | 32    |
-----------------------------------+------------------------+-------+

Asynchronous Control Signals Information:
----------------------------------------
No asynchronous control signals found in this design

Timing Summary:
---------------
Speed Grade: -5

   Minimum period: No path found
   Minimum input arrival time before clock: 5.452ns
   Maximum output required time after clock: 7.735ns
   Maximum combinational path delay: 11.167ns

Timing Detail:
--------------
All values displayed in nanoseconds (ns)

=========================================================================
Timing constraint: Default OFFSET IN BEFORE for Clock 'clk'
  Total number of paths / destination ports: 256 / 64
-------------------------------------------------------------------------
Offset:              5.452ns (Levels of Logic = 3)
  Source:            WriteRegister<0> (PAD)
  Destination:       reg0_0 (FF)
  Destination Clock: clk rising

  Data Path: WriteRegister<0> to reg0_0
                                Gate     Net
    Cell:in->out      fanout   Delay   Delay  Logical Name (Net Name)
    ----------------------------------------  ------------
     IBUF:I->O             1   0.715   0.976  WriteRegister_0_IBUF (WriteRegister_0_IBUF)
     LUT4:I0->O            1   0.479   0.704  reg0_not0001_SW0 (N2)
     LUT4:I3->O           32   0.479   1.575  reg0_not0001 (reg0_not0001)
     FDE:CE                    0.524          reg0_0
    ----------------------------------------
    Total                      5.452ns (2.197ns logic, 3.255ns route)
                                       (40.3% logic, 59.7% route)

=========================================================================
Timing constraint: Default OFFSET OUT AFTER for Clock 'clk'
  Total number of paths / destination ports: 64 / 64
-------------------------------------------------------------------------
Offset:              7.735ns (Levels of Logic = 2)
  Source:            reg0_31 (FF)
  Destination:       ReadData1<31> (PAD)
  Source Clock:      clk rising

  Data Path: reg0_31 to ReadData1<31>
                                Gate     Net
    Cell:in->out      fanout   Delay   Delay  Logical Name (Net Name)
    ----------------------------------------  ------------
     FDE:C->Q              2   0.626   1.040  reg0_31 (reg0_31)
     LUT2:I0->O            1   0.479   0.681  ReadData2<31>1 (ReadData2_31_OBUF)
     OBUF:I->O                 4.909          ReadData2_31_OBUF (ReadData2<31>)
    ----------------------------------------
    Total                      7.735ns (6.014ns logic, 1.721ns route)
                                       (77.7% logic, 22.3% route)

=========================================================================
Timing constraint: Default path analysis
  Total number of paths / destination ports: 384 / 64
-------------------------------------------------------------------------
Delay:               11.167ns (Levels of Logic = 5)
  Source:            ReadRegister1<2> (PAD)
  Destination:       ReadData1<31> (PAD)

  Data Path: ReadRegister1<2> to ReadData1<31>
                                Gate     Net
    Cell:in->out      fanout   Delay   Delay  Logical Name (Net Name)
    ----------------------------------------  ------------
     IBUF:I->O             1   0.715   0.976  ReadRegister1_2_IBUF (ReadRegister1_2_IBUF)
     LUT3:I0->O            1   0.479   0.704  ReadData1<0>1_SW0 (N6)
     LUT4:I3->O           32   0.479   1.745  ReadData1<0>1 (N01)
     LUT2:I1->O            1   0.479   0.681  ReadData1<9>1 (ReadData1_9_OBUF)
     OBUF:I->O                 4.909          ReadData1_9_OBUF (ReadData1<9>)
    ----------------------------------------
    Total                     11.167ns (7.061ns logic, 4.106ns route)
                                       (63.2% logic, 36.8% route)

=========================================================================


Total REAL time to Xst completion: 13.00 secs
Total CPU time to Xst completion: 13.71 secs
 
--> 

Total memory usage is 291088 kilobytes

Number of errors   :    0 (   0 filtered)
Number of warnings :   31 (   0 filtered)
Number of infos    :    0 (   0 filtered)

