--------------------------------------------------------------------------------
Release 14.7 Trace  (nt64)
Copyright (c) 1995-2013 Xilinx, Inc.  All rights reserved.

C:\Xilinx\14.7\ISE_DS\ISE\bin\nt64\unwrapped\trce.exe -intstyle ise -v 3 -s 2I
-n 3 -fastpaths -xml Exercise_4.twx Exercise_4.ncd -o Exercise_4.twr
Exercise_4.pcf

Design file:              Exercise_4.ncd
Physical constraint file: Exercise_4.pcf
Device,package,speed:     xa7a100t,csg324,I,-2I (PRELIMINARY 1.07 2013-10-13)
Report level:             verbose report

Environment Variable      Effect 
--------------------      ------ 
NONE                      No environment variables were set
--------------------------------------------------------------------------------

INFO:Timing:2698 - No timing constraints found, doing default enumeration.
INFO:Timing:3412 - To improve timing, see the Timing Closure User Guide (UG612).
INFO:Timing:2752 - To get complete path coverage, use the unconstrained paths 
   option. All paths that are not constrained will be reported in the 
   unconstrained paths section(s) of the report.
INFO:Timing:3339 - The clock-to-out numbers in this timing report are based on 
   a 50 Ohm transmission line loading model.  For the details of this model, 
   and for more information on accounting for different loading conditions, 
   please see the device datasheet.



Data Sheet report:
-----------------
All values displayed in nanoseconds (ns)

Pad to Pad
---------------+---------------+---------+
Source Pad     |Destination Pad|  Delay  |
---------------+---------------+---------+
SW_Cin         |HEX_0<0>       |    8.803|
SW_Cin         |HEX_0<1>       |    7.704|
SW_Cin         |HEX_0<2>       |    8.742|
SW_Cin         |HEX_0<3>       |    9.171|
SW_Cin         |HEX_0<4>       |    8.212|
SW_Cin         |HEX_0<5>       |    8.490|
SW_Cin         |HEX_0<6>       |    8.433|
SW_Cin         |HEX_1<0>       |    7.829|
SW_Cin         |HEX_1<1>       |    8.646|
SW_Cin         |HEX_1<2>       |    8.768|
SW_Cin         |HEX_1<3>       |    7.773|
SW_Cin         |HEX_1<4>       |    7.720|
SW_Cin         |HEX_1<5>       |    7.744|
SW_Cin         |LED_R<0>       |    6.489|
SW_Cin         |LED_R<1>       |    6.300|
SW_Cin         |LED_R<2>       |    6.568|
SW_Cin         |LED_R<3>       |    6.905|
SW_Cin         |LED_R<4>       |    7.106|
SW_Cin         |cout           |    7.006|
SW_X<0>        |HEX_0<0>       |   10.345|
SW_X<0>        |HEX_0<1>       |    9.246|
SW_X<0>        |HEX_0<2>       |   10.284|
SW_X<0>        |HEX_0<3>       |   10.713|
SW_X<0>        |HEX_0<4>       |    9.754|
SW_X<0>        |HEX_0<5>       |   10.032|
SW_X<0>        |HEX_0<6>       |    9.975|
SW_X<0>        |HEX_1<0>       |    9.371|
SW_X<0>        |HEX_1<1>       |   10.188|
SW_X<0>        |HEX_1<2>       |   10.310|
SW_X<0>        |HEX_1<3>       |    9.315|
SW_X<0>        |HEX_1<4>       |    9.262|
SW_X<0>        |HEX_1<5>       |    9.286|
SW_X<0>        |HEX_5<0>       |    5.836|
SW_X<0>        |HEX_5<1>       |    5.813|
SW_X<0>        |HEX_5<2>       |    5.741|
SW_X<0>        |HEX_5<3>       |    6.222|
SW_X<0>        |HEX_5<4>       |    6.390|
SW_X<0>        |HEX_5<5>       |    6.359|
SW_X<0>        |HEX_5<6>       |    5.643|
SW_X<0>        |LED_R<0>       |    8.194|
SW_X<0>        |LED_R<1>       |    7.851|
SW_X<0>        |LED_R<2>       |    7.991|
SW_X<0>        |LED_R<3>       |    8.447|
SW_X<0>        |LED_R<4>       |    8.648|
SW_X<0>        |cout           |    8.548|
SW_X<1>        |HEX_0<0>       |    9.157|
SW_X<1>        |HEX_0<1>       |    8.058|
SW_X<1>        |HEX_0<2>       |    9.096|
SW_X<1>        |HEX_0<3>       |    9.525|
SW_X<1>        |HEX_0<4>       |    8.566|
SW_X<1>        |HEX_0<5>       |    8.844|
SW_X<1>        |HEX_0<6>       |    8.787|
SW_X<1>        |HEX_1<0>       |    8.183|
SW_X<1>        |HEX_1<1>       |    9.000|
SW_X<1>        |HEX_1<2>       |    9.122|
SW_X<1>        |HEX_1<3>       |    8.127|
SW_X<1>        |HEX_1<4>       |    8.074|
SW_X<1>        |HEX_1<5>       |    8.098|
SW_X<1>        |HEX_5<0>       |    6.705|
SW_X<1>        |HEX_5<1>       |    6.687|
SW_X<1>        |HEX_5<2>       |    6.603|
SW_X<1>        |HEX_5<3>       |    6.242|
SW_X<1>        |HEX_5<4>       |    6.419|
SW_X<1>        |HEX_5<5>       |    5.937|
SW_X<1>        |HEX_5<6>       |    6.501|
SW_X<1>        |LED_9          |    5.849|
SW_X<1>        |LED_R<1>       |    6.670|
SW_X<1>        |LED_R<2>       |    7.091|
SW_X<1>        |LED_R<3>       |    7.259|
SW_X<1>        |LED_R<4>       |    7.460|
SW_X<1>        |cout           |    7.360|
SW_X<2>        |HEX_0<0>       |    8.948|
SW_X<2>        |HEX_0<1>       |    7.751|
SW_X<2>        |HEX_0<2>       |    8.905|
SW_X<2>        |HEX_0<3>       |    9.441|
SW_X<2>        |HEX_0<4>       |    8.357|
SW_X<2>        |HEX_0<5>       |    8.653|
SW_X<2>        |HEX_0<6>       |    8.686|
SW_X<2>        |HEX_1<0>       |    7.739|
SW_X<2>        |HEX_1<1>       |    8.809|
SW_X<2>        |HEX_1<2>       |    8.931|
SW_X<2>        |HEX_1<3>       |    7.683|
SW_X<2>        |HEX_1<4>       |    7.630|
SW_X<2>        |HEX_1<5>       |    7.654|
SW_X<2>        |HEX_5<0>       |    6.941|
SW_X<2>        |HEX_5<1>       |    6.919|
SW_X<2>        |HEX_5<2>       |    6.840|
SW_X<2>        |HEX_5<3>       |    6.640|
SW_X<2>        |HEX_5<4>       |    6.812|
SW_X<2>        |HEX_5<5>       |    6.494|
SW_X<2>        |HEX_5<6>       |    6.740|
SW_X<2>        |LED_9          |    6.127|
SW_X<2>        |LED_R<2>       |    7.129|
SW_X<2>        |LED_R<3>       |    6.558|
SW_X<2>        |LED_R<4>       |    6.761|
SW_X<2>        |cout           |    6.661|
SW_X<3>        |HEX_0<0>       |    8.697|
SW_X<3>        |HEX_0<1>       |    7.598|
SW_X<3>        |HEX_0<2>       |    8.377|
SW_X<3>        |HEX_0<3>       |    8.593|
SW_X<3>        |HEX_0<4>       |    8.106|
SW_X<3>        |HEX_0<5>       |    7.709|
SW_X<3>        |HEX_0<6>       |    7.901|
SW_X<3>        |HEX_1<0>       |    7.723|
SW_X<3>        |HEX_1<1>       |    7.865|
SW_X<3>        |HEX_1<2>       |    7.987|
SW_X<3>        |HEX_1<3>       |    7.667|
SW_X<3>        |HEX_1<4>       |    7.614|
SW_X<3>        |HEX_1<5>       |    7.638|
SW_X<3>        |HEX_5<0>       |    6.544|
SW_X<3>        |HEX_5<1>       |    6.521|
SW_X<3>        |HEX_5<2>       |    6.433|
SW_X<3>        |HEX_5<3>       |    5.929|
SW_X<3>        |HEX_5<4>       |    6.090|
SW_X<3>        |HEX_5<5>       |    6.088|
SW_X<3>        |HEX_5<6>       |    6.334|
SW_X<3>        |LED_9          |    5.752|
SW_X<3>        |LED_R<3>       |    6.792|
SW_X<3>        |LED_R<4>       |    7.000|
SW_X<3>        |cout           |    6.900|
SW_Y<0>        |HEX_0<0>       |    9.057|
SW_Y<0>        |HEX_0<1>       |    7.958|
SW_Y<0>        |HEX_0<2>       |    8.996|
SW_Y<0>        |HEX_0<3>       |    9.488|
SW_Y<0>        |HEX_0<4>       |    8.466|
SW_Y<0>        |HEX_0<5>       |    8.744|
SW_Y<0>        |HEX_0<6>       |    8.733|
SW_Y<0>        |HEX_1<0>       |    8.083|
SW_Y<0>        |HEX_1<1>       |    8.900|
SW_Y<0>        |HEX_1<2>       |    9.022|
SW_Y<0>        |HEX_1<3>       |    8.027|
SW_Y<0>        |HEX_1<4>       |    7.974|
SW_Y<0>        |HEX_1<5>       |    7.998|
SW_Y<0>        |HEX_3<0>       |    6.552|
SW_Y<0>        |HEX_3<1>       |    6.357|
SW_Y<0>        |HEX_3<2>       |    6.173|
SW_Y<0>        |HEX_3<3>       |    6.237|
SW_Y<0>        |HEX_3<4>       |    6.303|
SW_Y<0>        |HEX_3<5>       |    5.554|
SW_Y<0>        |HEX_3<6>       |    6.296|
SW_Y<0>        |LED_R<0>       |    6.773|
SW_Y<0>        |LED_R<1>       |    6.558|
SW_Y<0>        |LED_R<2>       |    7.176|
SW_Y<0>        |LED_R<3>       |    7.159|
SW_Y<0>        |LED_R<4>       |    7.360|
SW_Y<0>        |cout           |    7.260|
SW_Y<1>        |HEX_0<0>       |    9.009|
SW_Y<1>        |HEX_0<1>       |    7.910|
SW_Y<1>        |HEX_0<2>       |    8.948|
SW_Y<1>        |HEX_0<3>       |    9.377|
SW_Y<1>        |HEX_0<4>       |    8.418|
SW_Y<1>        |HEX_0<5>       |    8.696|
SW_Y<1>        |HEX_0<6>       |    8.639|
SW_Y<1>        |HEX_1<0>       |    8.035|
SW_Y<1>        |HEX_1<1>       |    8.852|
SW_Y<1>        |HEX_1<2>       |    8.974|
SW_Y<1>        |HEX_1<3>       |    7.979|
SW_Y<1>        |HEX_1<4>       |    7.926|
SW_Y<1>        |HEX_1<5>       |    7.950|
SW_Y<1>        |HEX_3<0>       |    6.342|
SW_Y<1>        |HEX_3<1>       |    6.435|
SW_Y<1>        |HEX_3<2>       |    6.252|
SW_Y<1>        |HEX_3<3>       |    6.315|
SW_Y<1>        |HEX_3<4>       |    6.380|
SW_Y<1>        |HEX_3<5>       |    6.128|
SW_Y<1>        |HEX_3<6>       |    6.077|
SW_Y<1>        |LED_9          |    6.218|
SW_Y<1>        |LED_R<1>       |    6.505|
SW_Y<1>        |LED_R<2>       |    6.671|
SW_Y<1>        |LED_R<3>       |    7.111|
SW_Y<1>        |LED_R<4>       |    7.312|
SW_Y<1>        |cout           |    7.212|
SW_Y<2>        |HEX_0<0>       |    9.292|
SW_Y<2>        |HEX_0<1>       |    8.095|
SW_Y<2>        |HEX_0<2>       |    9.249|
SW_Y<2>        |HEX_0<3>       |    9.785|
SW_Y<2>        |HEX_0<4>       |    8.701|
SW_Y<2>        |HEX_0<5>       |    8.997|
SW_Y<2>        |HEX_0<6>       |    9.030|
SW_Y<2>        |HEX_1<0>       |    8.083|
SW_Y<2>        |HEX_1<1>       |    9.153|
SW_Y<2>        |HEX_1<2>       |    9.275|
SW_Y<2>        |HEX_1<3>       |    8.027|
SW_Y<2>        |HEX_1<4>       |    7.974|
SW_Y<2>        |HEX_1<5>       |    7.998|
SW_Y<2>        |HEX_3<0>       |    6.155|
SW_Y<2>        |HEX_3<1>       |    6.328|
SW_Y<2>        |HEX_3<2>       |    6.154|
SW_Y<2>        |HEX_3<3>       |    6.218|
SW_Y<2>        |HEX_3<4>       |    6.274|
SW_Y<2>        |HEX_3<5>       |    5.726|
SW_Y<2>        |HEX_3<6>       |    5.889|
SW_Y<2>        |LED_9          |    5.681|
SW_Y<2>        |LED_R<2>       |    7.473|
SW_Y<2>        |LED_R<3>       |    6.451|
SW_Y<2>        |LED_R<4>       |    6.670|
SW_Y<2>        |cout           |    6.570|
SW_Y<3>        |HEX_0<0>       |    8.680|
SW_Y<3>        |HEX_0<1>       |    7.581|
SW_Y<3>        |HEX_0<2>       |    8.360|
SW_Y<3>        |HEX_0<3>       |    8.602|
SW_Y<3>        |HEX_0<4>       |    8.089|
SW_Y<3>        |HEX_0<5>       |    7.921|
SW_Y<3>        |HEX_0<6>       |    7.580|
SW_Y<3>        |HEX_1<0>       |    7.706|
SW_Y<3>        |HEX_1<1>       |    8.077|
SW_Y<3>        |HEX_1<2>       |    8.199|
SW_Y<3>        |HEX_1<3>       |    7.650|
SW_Y<3>        |HEX_1<4>       |    7.597|
SW_Y<3>        |HEX_1<5>       |    7.621|
SW_Y<3>        |HEX_3<0>       |    6.451|
SW_Y<3>        |HEX_3<1>       |    6.540|
SW_Y<3>        |HEX_3<2>       |    6.363|
SW_Y<3>        |HEX_3<3>       |    6.429|
SW_Y<3>        |HEX_3<4>       |    6.490|
SW_Y<3>        |HEX_3<5>       |    5.624|
SW_Y<3>        |HEX_3<6>       |    6.190|
SW_Y<3>        |LED_9          |    5.867|
SW_Y<3>        |LED_R<3>       |    6.771|
SW_Y<3>        |LED_R<4>       |    6.983|
SW_Y<3>        |cout           |    6.883|
---------------+---------------+---------+


Analysis completed Mon Aug 21 08:47:01 2017 
--------------------------------------------------------------------------------

Trace Settings:
-------------------------
Trace Settings 

Peak Memory Usage: 613 MB



