MO Comparador8bits NULL Comparador8bits.v vlg76/_comparador8bits.bin 1492996829
MO Comparador1bit NULL Comparador1bit.v vlg7C/_comparador1bit.bin 1492996829
MO ALU NULL ALU.v vlg2A/_a_l_u.bin 1493821592
MO Counter NULL Counter.v vlg70/_counter.bin 1493299792
MO Comparador_con_Ecuaciones NULL Comparador_con_Ecuaciones.v vlg09/_comparador__con___ecuaciones.bin 1492999575
MO counter2 NULL counter2.v vlg02/counter2.bin 1493296716
